// Jest Snapshot v1, https://goo.gl/fbAQLP

exports[`ContextState renders consumer - function children 1`] = `
<div>
  hello world
</div>
`;

exports[`ContextState renders consumer 1`] = `
<div>
  hello world
</div>
`;

exports[`ContextState renders provider 1`] = `
<div>
  hello world
</div>
`;

exports[`useContextState setState in useEffect 1`] = `
Array [
  <div>
    Say: 
    Hello
  </div>,
  <div
    id="SayOther"
  >
    SayOther: 
    Hello
  </div>,
]
`;
